current directory: /myapp/vendor/bundle/ruby/3.2.0/gems/pg-1.5.9/ext
/usr/local/bin/ruby extconf.rb
Calling libpq with GVL unlocked
checking for pg_config... no
checking for libpq per pkg-config... no
Using libpq from 
checking for libpq-fe.h... *** extconf.rb failed ***
Could not create Makefile due to some reason, probably lack of necessary
libraries and/or headers.  Check the mkmf.log file for more details.  You may
need configuration options.

Provided configuration options:
	--with-opt-dir
	--without-opt-dir
	--with-opt-include
	--without-opt-include=${opt-dir}/include
	--with-opt-lib
	--without-opt-lib=${opt-dir}/lib
	--with-make-prog
	--without-make-prog
	--srcdir=.
	--curdir
	--ruby=/usr/local/bin/$(RUBY_BASE_NAME)
	--with-pg
	--without-pg
	--enable-gvl-unlock
	--disable-gvl-unlock
	--enable-windows-cross
	--disable-windows-cross
	--with-pg-config
	--without-pg-config
	--with-pg_config
	--without-pg_config
	--with-libpq-dir
	--without-libpq-dir
	--with-libpq-include
	--without-libpq-include=${libpq-dir}/include
	--with-libpq-lib
	--without-libpq-lib=${libpq-dir}/lib
	--with-libpq-config
	--without-libpq-config
	--with-pkg-config
	--without-pkg-config
	--with-pg-dir
	--without-pg-dir
	--with-pg-include
	--without-pg-include=${pg-dir}/include
	--with-pg-lib
	--without-pg-lib=${pg-dir}/lib
/usr/local/lib/ruby/3.2.0/mkmf.rb:490:in `try_do': The compiler failed to generate an executable file. (RuntimeError)
You have to install development tools first.

	from /usr/local/lib/ruby/3.2.0/mkmf.rb:616:in `block in try_compile'
	from /usr/local/lib/ruby/3.2.0/mkmf.rb:565:in `with_werror'
	from /usr/local/lib/ruby/3.2.0/mkmf.rb:616:in `try_compile'
	from /usr/local/lib/ruby/3.2.0/mkmf.rb:1210:in `block in find_header'
	from /usr/local/lib/ruby/3.2.0/mkmf.rb:989:in `block in checking_for'
	from /usr/local/lib/ruby/3.2.0/mkmf.rb:354:in `block (2 levels) in postpone'
	from /usr/local/lib/ruby/3.2.0/mkmf.rb:324:in `open'
	from /usr/local/lib/ruby/3.2.0/mkmf.rb:354:in `block in postpone'
	from /usr/local/lib/ruby/3.2.0/mkmf.rb:324:in `open'
	from /usr/local/lib/ruby/3.2.0/mkmf.rb:350:in `postpone'
	from /usr/local/lib/ruby/3.2.0/mkmf.rb:988:in `checking_for'
	from /usr/local/lib/ruby/3.2.0/mkmf.rb:1209:in `find_header'
	from extconf.rb:87:in `<main>'

To see why this extension failed to compile, please check the mkmf.log which can be found here:

  /myapp/vendor/bundle/ruby/3.2.0/extensions/aarch64-linux/3.2.0/pg-1.5.9/mkmf.log

extconf failed, exit code 1
